MPASM  5.51    DOS DISPLAY PARA PRACTICAR.ASM   3-15-2024  3:53:15         PAGE  1


LOC  OBJECT CODE     LINE SOURCE TEXT
  VALUE

                      00001 ;------------------------------------------------------------------------------------
                      00002 ;CONTADOR BINARIO 
                      00003 ;-------------------------------------------------------------------------------------------------------
                            ------------------------------------------------------------------------------------------------
Warning[205]: Found directive in column 1. (LIST)
Warning[215]: Processor superseded by command line.  Verify processor symbol.
                      00004 LIST p=16F877
Warning[205]: Found directive in column 1. (INCLUDE)
                      00005 INCLUDE <P16F877.INC>
                      00001         LIST
                      00002 
                      00003 ;==========================================================================
                      00004 ;  MPASM PIC16F877 processor include
                      00005 ; 
                      00006 ;  (c) Copyright 1999-2013 Microchip Technology, All rights reserved
                      00007 ;==========================================================================
                      00008 
Message[301]: MESSAGE: (Processor-header file mismatch.  Verify selected processor.)
                      00540         LIST
                      00006 
Warning[205]: Found directive in column 1. (ORG)
0000                  00007 ORG 0x00 ;Inicio de programa
  00000020            00008 UNIDADES EQU 0x20 ;usamos la dirección de memoria 23  
  00000021            00009 DECENAS  EQU 0x21 ;Usamos la direccion de memoria 24
  00000022            00010 CONTADOR0 EQU 0x22
  00000023            00011 CONTADOR1 EQU 0x23
  00000024            00012 CONTADOR2 EQU 0x24 
  00000025            00013 CENTENAS EQU 0x25
                      00014 
Warning[203]: Found opcode in column 1. (CLRF)
0000   0187           00015 CLRF PORTC ;limpiar registro PORTC
Warning[203]: Found opcode in column 1. (CLRF)
0001   0186           00016 CLRF PORTB ;limpiar registro PORTB
Warning[203]: Found opcode in column 1. (CLRF)
0002   0188           00017 CLRF PORTD ;limpiar registro PORTD
                      00018 
Warning[203]: Found opcode in column 1. (BSF)
0003   1683           00019 BSF STATUS,RP0  ;Acceder al banco 1 puesto que en el banco 1 se encuentran los registros TRISB,TRISD
                      00020                                 ;BANC0 0 | RP0= 0 , RP1= 0
                      00021                                 ;BANCO 1 | RP0= 1 , RP1= 0
                      00022 
Warning[203]: Found opcode in column 1. (MOVLW)
0004   3080           00023 MOVLW b'10000000' ;establecer el pin 7 como Entrada, todos los demas como SALIDA
Warning[203]: Found opcode in column 1. (MOVWF)
Message[302]: Register in operand not in bank 0.  Ensure that bank bits are correct.
0005   0086           00024 MOVWF TRISB
Warning[203]: Found opcode in column 1. (MOVLW)
0006   3000           00025 MOVLW b'00000000' ;establecer todos los pines de puerto D como SALIDA (Serán manipulados desde dentro)
Warning[203]: Found opcode in column 1. (MOVWF)
Message[302]: Register in operand not in bank 0.  Ensure that bank bits are correct.
0007   0088           00026 MOVWF TRISD
Warning[203]: Found opcode in column 1. (MOVLW)
0008   3000           00027 MOVLW b'00000000' ;establecer todos los pines del puerto C como SALIDA (Serán manipulados desde dentro)
MPASM  5.51    DOS DISPLAY PARA PRACTICAR.ASM   3-15-2024  3:53:15         PAGE  2


LOC  OBJECT CODE     LINE SOURCE TEXT
  VALUE

Warning[203]: Found opcode in column 1. (MOVWF)
Message[302]: Register in operand not in bank 0.  Ensure that bank bits are correct.
0009   0087           00028 MOVWF TRISC
                      00029 
Warning[203]: Found opcode in column 1. (BCF)
000A   1283           00030 BCF STATUS,RP0 ;limpiar RP0 para regresar al BANCO 0.
                      00031 ;-------------------------------------------------------------------------------------------------------
                            ------------------------------------------------------------------------------------------------
Warning[203]: Found opcode in column 1. (BTFSS)
000B   1F86           00032 BTFSS PORTB,7
Warning[203]: Found opcode in column 1. (GOTO)
000C   280B           00033 GOTO $-1
Warning[203]: Found opcode in column 1. (BTFSC)
000D   1B86           00034 BTFSC PORTB,7
Warning[203]: Found opcode in column 1. (GOTO)
000E   280D           00035 GOTO $-1
                      00036 
000F                  00037 INICIO
                      00038 ;INICIALIZACION EN CEROS DE MIS VARIABLES
Warning[203]: Found opcode in column 1. (MOVLW)
000F   3000           00039 MOVLW b'00000000' ;inicializar variable UNIDADES en ceros
Warning[203]: Found opcode in column 1. (MOVWF)
0010   00A0           00040 MOVWF UNIDADES
Warning[203]: Found opcode in column 1. (MOVLW)
0011   3000           00041 MOVLW b'00000000' ;inicializar variable DECENAS en ceros
Warning[203]: Found opcode in column 1. (MOVWF)
0012   00A1           00042 MOVWF DECENAS
Warning[203]: Found opcode in column 1. (MOVLW)
0013   3000           00043 MOVLW b'00000000'
Warning[203]: Found opcode in column 1. (MOVWF)
0014   00A5           00044 MOVWF CENTENAS
                      00045 ;-------------------------------------------------------------------------------------------------------
                            ------------------------------------------------------------------------------------------------
                      00046 
                      00047 ;MOSTRAR EL "CERO" INICIAL EN AMBOS DISPLAY AL INICIAR EL PROGRAMA
Warning[203]: Found opcode in column 1. (MOVLW)
0015   303F           00048 MOVLW b'00111111' ;Dibujar Cero en el display
Warning[203]: Found opcode in column 1. (MOVWF)
0016   0088           00049 MOVWF PORTD ;Mostrar dicho CERO en display del puerto D
Warning[203]: Found opcode in column 1. (MOVWF)
0017   0087           00050 MOVWF PORTC ;Mostrar dicho CERO en display del puerto C
Warning[203]: Found opcode in column 1. (MOVWF)
0018   0086           00051 MOVWF PORTB ;Mostrar CERO en display del puerto B
                      00052 ;-------------------------------------------------------------------------------------------------------
                            ------------------------------------------------------------------------------------------------
Warning[203]: Found opcode in column 1. (CALL)
0019   2054           00053 CALL SUBRUT
                      00054 
001A                  00055 CICLO
                      00056 ;BTFSS PORTB,0 ;checar que el BIT 0 este prendido (boton presionado)
                      00057 ;goto $-1
                      00058 ;BTFSC PORTB,0 ;checar que el bit 0 este apagado (boton liberado)
                      00059 ;GOTO $-1
MPASM  5.51    DOS DISPLAY PARA PRACTICAR.ASM   3-15-2024  3:53:15         PAGE  3


LOC  OBJECT CODE     LINE SOURCE TEXT
  VALUE

Warning[203]: Found opcode in column 1. (INCF)
001A   0AA0           00060 INCF UNIDADES,1 ;Incrementar en 1 y almacenarlo en la misma variable UNIDADES
Warning[203]: Found opcode in column 1. (MOVF)
001B   0820           00061 MOVF UNIDADES,W ;copiar registro DATO a registro W
Warning[203]: Found opcode in column 1. (CALL)
001C   2034           00062 CALL TABLA
Warning[203]: Found opcode in column 1. (MOVWF)
001D   0088           00063 MOVWF PORTD
Warning[203]: Found opcode in column 1. (CALL)
001E   2054           00064 CALL SUBRUT
Warning[203]: Found opcode in column 1. (GOTO)
001F   281A           00065 GOTO CICLO
                      00066 
                      00067 
0020                  00068 REINICIAR_UNIDADES
Warning[203]: Found opcode in column 1. (CLRF)
0020   01A0           00069 CLRF UNIDADES ;Dejar en 00000000 variable UNIDADES
Warning[203]: Found opcode in column 1. (MOVLW)
0021   303F           00070 MOVLW b'00111111' ;dibujar Cero en display nuevamente
Warning[203]: Found opcode in column 1. (MOVWF)
0022   0088           00071 MOVWF PORTD
Warning[203]: Found opcode in column 1. (INCF)
0023   0AA1           00072 INCF DECENAS,1 ;incrementar en 1 variable DECENAS
Warning[203]: Found opcode in column 1. (MOVF)
0024   0821           00073 MOVF DECENAS,W ;mover 00000001,00000010,00000011... etc a W
Warning[203]: Found opcode in column 1. (CALL)
0025   2040           00074 CALL TABLA_DECENAS ;llamar a Tabla Decenas... para desplegar la decena correspondiente
Warning[203]: Found opcode in column 1. (MOVWF)
0026   0087           00075 MOVWF PORTC ;moverlo al PUERTO C encargado de las DECENAS
Warning[203]: Found opcode in column 1. (CALL)
0027   2054           00076 CALL SUBRUT
Warning[203]: Found opcode in column 1. (GOTO)
0028   281A           00077 GOTO CICLO
                      00078 
                      00079 
Warning[207]: Found label after column 1. (BLOQUECENTENAS)
0029                  00080         BLOQUECENTENAS
Warning[203]: Found opcode in column 1. (MOVLW)
0029   303F           00081 MOVLW b'00111111' ;dibujar 0 en DISPLAY de DECENAS (Minuto completado)
Warning[203]: Found opcode in column 1. (MOVWF)
002A   0087           00082 MOVWF PORTC
Warning[203]: Found opcode in column 1. (MOVLW)
002B   303F           00083 MOVLW b'00111111' ;dibujar 0 en display de UNIDADES
Warning[203]: Found opcode in column 1. (MOVWF)
002C   0088           00084 MOVWF PORTD
                      00085 
                      00086 
Warning[203]: Found opcode in column 1. (INCF)
002D   0AA5           00087 INCF CENTENAS,1
Warning[203]: Found opcode in column 1. (MOVF)
002E   0825           00088 MOVF CENTENAS,W
Warning[203]: Found opcode in column 1. (CALL)
002F   2048           00089 CALL TABLA_CENTENAS
MPASM  5.51    DOS DISPLAY PARA PRACTICAR.ASM   3-15-2024  3:53:15         PAGE  4


LOC  OBJECT CODE     LINE SOURCE TEXT
  VALUE

Warning[203]: Found opcode in column 1. (MOVWF)
0030   0086           00090 MOVWF PORTB
Warning[203]: Found opcode in column 1. (CALL)
0031   2054           00091 CALL SUBRUT
Warning[203]: Found opcode in column 1. (CLRF)
0032   01A1           00092 CLRF DECENAS
0033   281A           00093         GOTO CICLO
                      00094 
                      00095 
                      00096 ;-------------------------------------------------------------------------------------------------------
                            ----------------------------------------------------------------
                      00097 ;PCL (Program Counter Low)
0034                  00098 TABLA
Warning[203]: Found opcode in column 1. (ADDWF)
0034   0782           00099 ADDWF PCL,F ;Suma el contenido del Registro W a PCL y el resultado se almacena en el mismo registro (PCL
                            ).
Warning[203]: Found opcode in column 1. (RETLW)
0035   343F           00100 RETLW b'00111111'     ;CERO 
Warning[203]: Found opcode in column 1. (RETLW)
0036   3406           00101 RETLW b'00000110'         ;UNO
Warning[203]: Found opcode in column 1. (RETLW)
0037   345B           00102 RETLW b'01011011'         ;DOS
Warning[203]: Found opcode in column 1. (RETLW)
0038   344F           00103 RETLW b'01001111'         ;TRES
Warning[203]: Found opcode in column 1. (RETLW)
0039   3466           00104 RETLW b'01100110'         ;CUATRO
Warning[203]: Found opcode in column 1. (RETLW)
003A   346D           00105 RETLW b'01101101'         ;CINCO
Warning[203]: Found opcode in column 1. (RETLW)
003B   347D           00106 RETLW b'01111101'         ;SEIS
Warning[203]: Found opcode in column 1. (RETLW)
003C   3407           00107 RETLW b'00000111'         ;SIETE
Warning[203]: Found opcode in column 1. (RETLW)
003D   347F           00108 RETLW b'01111111'         ;OCHO
Warning[203]: Found opcode in column 1. (RETLW)
003E   3467           00109 RETLW b'01100111'         ;NUEVE
Warning[203]: Found opcode in column 1. (GOTO)
003F   2820           00110 GOTO REINICIAR_UNIDADES ;DIEZ
                      00111 
0040                  00112 TABLA_DECENAS
Warning[203]: Found opcode in column 1. (ADDWF)
0040   0782           00113 ADDWF PCL,F ;Suma el contenido del Registro W a PCL y el resultado se almacena en el mismo registro (PCL
                            ).
Warning[203]: Found opcode in column 1. (RETLW)
0041   343F           00114 RETLW b'00111111'     ;CERO 
Warning[203]: Found opcode in column 1. (RETLW)
0042   3406           00115 RETLW b'00000110'         ;UNO
Warning[203]: Found opcode in column 1. (RETLW)
0043   345B           00116 RETLW b'01011011'         ;DOS
Warning[203]: Found opcode in column 1. (RETLW)
0044   344F           00117 RETLW b'01001111'         ;TRES
Warning[203]: Found opcode in column 1. (RETLW)
0045   3466           00118 RETLW b'01100110'         ;CUATRO
MPASM  5.51    DOS DISPLAY PARA PRACTICAR.ASM   3-15-2024  3:53:15         PAGE  5


LOC  OBJECT CODE     LINE SOURCE TEXT
  VALUE

Warning[203]: Found opcode in column 1. (RETLW)
0046   346D           00119 RETLW b'01101101'         ;CINCO
Warning[203]: Found opcode in column 1. (GOTO)
0047   2829           00120 GOTO BLOQUECENTENAS
                      00121 
0048                  00122 TABLA_CENTENAS
Warning[203]: Found opcode in column 1. (ADDWF)
0048   0782           00123 ADDWF PCL,F ;Suma el contenido del Registro W a PCL y el resultado se almacena en el mismo registro (PCL
                            ).
Warning[203]: Found opcode in column 1. (RETLW)
0049   343F           00124 RETLW b'00111111'     ;CERO 
Warning[203]: Found opcode in column 1. (RETLW)
004A   3406           00125 RETLW b'00000110'         ;UNO
Warning[203]: Found opcode in column 1. (RETLW)
004B   345B           00126 RETLW b'01011011'         ;DOS
Warning[203]: Found opcode in column 1. (RETLW)
004C   344F           00127 RETLW b'01001111'         ;TRES
Warning[203]: Found opcode in column 1. (RETLW)
004D   3466           00128 RETLW b'01100110'         ;CUATRO
Warning[203]: Found opcode in column 1. (RETLW)
004E   346D           00129 RETLW b'01101101'         ;CINCO
Warning[203]: Found opcode in column 1. (RETLW)
004F   347D           00130 RETLW b'01111101'         ;SEIS
Warning[203]: Found opcode in column 1. (RETLW)
0050   3407           00131 RETLW b'00000111'         ;SIETE
Warning[203]: Found opcode in column 1. (RETLW)
0051   347F           00132 RETLW b'01111111'         ;OCHO
Warning[203]: Found opcode in column 1. (RETLW)
0052   3467           00133 RETLW b'01100111'         ;NUEVE
Warning[203]: Found opcode in column 1. (GOTO)
0053   280F           00134 GOTO INICIO ;DIEZ
                      00135 
                      00136 ;--------------BLOQUE DE DELAY PARA LOS SEGUNDOS--------------------------------------------------------
                            --
0054                  00137 SUBRUT ;Esto es una SUBRUTINA, estas se llaman con CALL
0054   3007           00138         MOVLW 0x7; EN decimal vale 9
0055   00A4           00139         MOVWF CONTADOR2
0056                  00140 DECRE3
0056   3064           00141         MOVLW 0x64 ;En decimal vale 100
0057   00A3           00142         MOVWF CONTADOR1
0058                  00143 DECRE2
0058   3064           00144         MOVLW 0x64 ;En decimal vale 100
0059   00A2           00145         MOVWF CONTADOR0
                      00146 
                      00147 ;AQUI SE REALIZARA EL CONTEO REGRESIVO DE LOS VALOREES QUE ESTAMOS TRABAJANDO
                      00148                                 ;palabra reservada "DECFSZ" decrementa BIT por BIT
005A                  00149 DECRE1                          
005A   0BA2           00150         DECFSZ CONTADOR0,1  ;Como CONTADOR0 vale 100, va de 100,99,88 etc...
005B   285A           00151         GOTO   DECRE1  
                      00152 
005C   0BA3           00153         DECFSZ CONTADOR1,1 ;Como CONTADOR1 vale 100, va de 100,99,88 etc...
005D   2858           00154         GOTO   DECRE2
                      00155 
MPASM  5.51    DOS DISPLAY PARA PRACTICAR.ASM   3-15-2024  3:53:15         PAGE  6


LOC  OBJECT CODE     LINE SOURCE TEXT
  VALUE

005E   0BA4           00156         DECFSZ CONTADOR2,1 ;como CONTADOR2 vale 33, va de 33,32,31...
005F   2856           00157         GOTO   DECRE3
                      00158 
0060   0008           00159         RETURN ;Con RETURN regresamos al codigo original donde se habia quedado, osea
                      00160                    ;justo después de llamar SUBRUTINA con CALL SUBRUTINA
                      00161 
                      00162 
                      00163 
                      00164 
                      00165 
Warning[205]: Found directive in column 1. (END)
                      00166 END ;DELIMITADOR FIN DEL PROGRAMA
MPASM  5.51    DOS DISPLAY PARA PRACTICAR.ASM   3-15-2024  3:53:15         PAGE  7


SYMBOL TABLE
  LABEL                             VALUE 

ACKDT                             00000005
ACKEN                             00000004
ACKSTAT                           00000006
ADCON0                            0000001F
ADCON1                            0000009F
ADCS0                             00000006
ADCS1                             00000007
ADDEN                             00000003
ADFM                              00000007
ADIE                              00000006
ADIF                              00000006
ADON                              00000000
ADRESH                            0000001E
ADRESL                            0000009E
BCLIE                             00000003
BCLIF                             00000003
BF                                00000000
BLOQUECENTENAS                    00000029
BRGH                              00000002
C                                 00000000
CCP1CON                           00000017
CCP1IE                            00000002
CCP1IF                            00000002
CCP1M0                            00000000
CCP1M1                            00000001
CCP1M2                            00000002
CCP1M3                            00000003
CCP1X                             00000005
CCP1Y                             00000004
CCP2CON                           0000001D
CCP2IE                            00000000
CCP2IF                            00000000
CCP2M0                            00000000
CCP2M1                            00000001
CCP2M2                            00000002
CCP2M3                            00000003
CCP2X                             00000005
CCP2Y                             00000004
CCPR1                             00000015
CCPR1H                            00000016
CCPR1L                            00000015
CCPR2                             0000001B
CCPR2H                            0000001C
CCPR2L                            0000001B
CENTENAS                          00000025
CHS0                              00000003
CHS1                              00000004
CHS2                              00000005
CICLO                             0000001A
CKE                               00000006
CKP                               00000004
CONTADOR0                         00000022
CONTADOR1                         00000023
MPASM  5.51    DOS DISPLAY PARA PRACTICAR.ASM   3-15-2024  3:53:15         PAGE  8


SYMBOL TABLE
  LABEL                             VALUE 

CONTADOR2                         00000024
CREN                              00000004
CSRC                              00000007
D                                 00000005
DATA_ADDRESS                      00000005
DC                                00000001
DECENAS                           00000021
DECRE1                            0000005A
DECRE2                            00000058
DECRE3                            00000056
D_A                               00000005
D_NOT_A                           00000005
EEADR                             0000010D
EEADRH                            0000010F
EECON1                            0000018C
EECON2                            0000018D
EEDATA                            0000010C
EEDATH                            0000010E
EEIE                              00000004
EEIF                              00000004
EEPGD                             00000007
F                                 00000001
FERR                              00000002
FSR                               00000004
GCEN                              00000007
GIE                               00000007
GO                                00000002
GO_DONE                           00000002
GO_NOT_DONE                       00000002
I2C_DATA                          00000005
I2C_READ                          00000002
I2C_START                         00000003
I2C_STOP                          00000004
IBF                               00000007
IBOV                              00000005
INDF                              00000000
INICIO                            0000000F
INTCON                            0000000B
INTE                              00000004
INTEDG                            00000006
INTF                              00000001
IRP                               00000007
NOT_A                             00000005
NOT_ADDRESS                       00000005
NOT_BO                            00000000
NOT_BOR                           00000000
NOT_DONE                          00000002
NOT_PD                            00000003
NOT_POR                           00000001
NOT_RBPU                          00000007
NOT_RC8                           00000006
NOT_T1SYNC                        00000002
NOT_TO                            00000004
MPASM  5.51    DOS DISPLAY PARA PRACTICAR.ASM   3-15-2024  3:53:15         PAGE  9


SYMBOL TABLE
  LABEL                             VALUE 

NOT_TX8                           00000006
NOT_W                             00000002
NOT_WRITE                         00000002
OBF                               00000006
OERR                              00000001
OPTION_REG                        00000081
P                                 00000004
PCFG0                             00000000
PCFG1                             00000001
PCFG2                             00000002
PCFG3                             00000003
PCL                               00000002
PCLATH                            0000000A
PCON                              0000008E
PEIE                              00000006
PEN                               00000002
PIE1                              0000008C
PIE2                              0000008D
PIR1                              0000000C
PIR2                              0000000D
PORTA                             00000005
PORTB                             00000006
PORTC                             00000007
PORTD                             00000008
PORTE                             00000009
PR2                               00000092
PS0                               00000000
PS1                               00000001
PS2                               00000002
PSA                               00000003
PSPIE                             00000007
PSPIF                             00000007
PSPMODE                           00000004
R                                 00000002
RA0                               00000000
RA1                               00000001
RA2                               00000002
RA3                               00000003
RA4                               00000004
RA5                               00000005
RB0                               00000000
RB1                               00000001
RB2                               00000002
RB3                               00000003
RB4                               00000004
RB5                               00000005
RB6                               00000006
RB7                               00000007
RBIE                              00000003
RBIF                              00000000
RC0                               00000000
RC1                               00000001
RC2                               00000002
MPASM  5.51    DOS DISPLAY PARA PRACTICAR.ASM   3-15-2024  3:53:15         PAGE 10


SYMBOL TABLE
  LABEL                             VALUE 

RC3                               00000003
RC4                               00000004
RC5                               00000005
RC6                               00000006
RC7                               00000007
RC8_9                             00000006
RC9                               00000006
RCD8                              00000000
RCEN                              00000003
RCIE                              00000005
RCIF                              00000005
RCREG                             0000001A
RCSTA                             00000018
RD                                00000000
RD0                               00000000
RD1                               00000001
RD2                               00000002
RD3                               00000003
RD4                               00000004
RD5                               00000005
RD6                               00000006
RD7                               00000007
RE0                               00000000
RE1                               00000001
RE2                               00000002
READ_WRITE                        00000002
REINICIAR_UNIDADES                00000020
RP0                               00000005
RP1                               00000006
RSEN                              00000001
RX9                               00000006
RX9D                              00000000
R_NOT_W                           00000002
R_W                               00000002
S                                 00000003
SEN                               00000000
SMP                               00000007
SPBRG                             00000099
SPEN                              00000007
SREN                              00000005
SSPADD                            00000093
SSPBUF                            00000013
SSPCON                            00000014
SSPCON2                           00000091
SSPEN                             00000005
SSPIE                             00000003
SSPIF                             00000003
SSPM0                             00000000
SSPM1                             00000001
SSPM2                             00000002
SSPM3                             00000003
SSPOV                             00000006
SSPSTAT                           00000094
MPASM  5.51    DOS DISPLAY PARA PRACTICAR.ASM   3-15-2024  3:53:15         PAGE 11


SYMBOL TABLE
  LABEL                             VALUE 

STATUS                            00000003
SUBRUT                            00000054
SYNC                              00000004
T0CS                              00000005
T0IE                              00000005
T0IF                              00000002
T0SE                              00000004
T1CKPS0                           00000004
T1CKPS1                           00000005
T1CON                             00000010
T1INSYNC                          00000002
T1OSCEN                           00000003
T1SYNC                            00000002
T2CKPS0                           00000000
T2CKPS1                           00000001
T2CON                             00000012
TABLA                             00000034
TABLA_CENTENAS                    00000048
TABLA_DECENAS                     00000040
TMR0                              00000001
TMR0IE                            00000005
TMR0IF                            00000002
TMR1                              0000000E
TMR1CS                            00000001
TMR1H                             0000000F
TMR1IE                            00000000
TMR1IF                            00000000
TMR1L                             0000000E
TMR1ON                            00000000
TMR2                              00000011
TMR2IE                            00000001
TMR2IF                            00000001
TMR2ON                            00000002
TOUTPS0                           00000003
TOUTPS1                           00000004
TOUTPS2                           00000005
TOUTPS3                           00000006
TRISA                             00000085
TRISA0                            00000000
TRISA1                            00000001
TRISA2                            00000002
TRISA3                            00000003
TRISA4                            00000004
TRISA5                            00000005
TRISB                             00000086
TRISB0                            00000000
TRISB1                            00000001
TRISB2                            00000002
TRISB3                            00000003
TRISB4                            00000004
TRISB5                            00000005
TRISB6                            00000006
TRISB7                            00000007
MPASM  5.51    DOS DISPLAY PARA PRACTICAR.ASM   3-15-2024  3:53:15         PAGE 12


SYMBOL TABLE
  LABEL                             VALUE 

TRISC                             00000087
TRISC0                            00000000
TRISC1                            00000001
TRISC2                            00000002
TRISC3                            00000003
TRISC4                            00000004
TRISC5                            00000005
TRISC6                            00000006
TRISC7                            00000007
TRISD                             00000088
TRISD0                            00000000
TRISD1                            00000001
TRISD2                            00000002
TRISD3                            00000003
TRISD4                            00000004
TRISD5                            00000005
TRISD6                            00000006
TRISD7                            00000007
TRISE                             00000089
TRISE0                            00000000
TRISE1                            00000001
TRISE2                            00000002
TRMT                              00000001
TX8_9                             00000006
TX9                               00000006
TX9D                              00000000
TXD8                              00000000
TXEN                              00000005
TXIE                              00000004
TXIF                              00000004
TXREG                             00000019
TXSTA                             00000098
UA                                00000001
UNIDADES                          00000020
W                                 00000000
WCOL                              00000007
WR                                00000001
WREN                              00000002
WRERR                             00000003
Z                                 00000002
_BODEN_OFF                        00003FBF
_BODEN_ON                         00003FFF
_BOREN_OFF                        00003FBF
_BOREN_ON                         00003FFF
_CONFIG                           00002007
_CPD_OFF                          00003FFF
_CPD_ON                           00003EFF
_CP_ALL                           00000FCF
_CP_HALF                          00001FDF
_CP_OFF                           00003FFF
_CP_UPPER_256                     00002FEF
_DEBUG_OFF                        00003FFF
_DEBUG_ON                         000037FF
MPASM  5.51    DOS DISPLAY PARA PRACTICAR.ASM   3-15-2024  3:53:15         PAGE 13


SYMBOL TABLE
  LABEL                             VALUE 

_DEVID1                           00002006
_FOSC_EXTRC                       00003FFF
_FOSC_HS                          00003FFE
_FOSC_LP                          00003FFC
_FOSC_XT                          00003FFD
_HS_OSC                           00003FFE
_IDLOC0                           00002000
_IDLOC1                           00002001
_IDLOC2                           00002002
_IDLOC3                           00002003
_LP_OSC                           00003FFC
_LVP_OFF                          00003F7F
_LVP_ON                           00003FFF
_PWRTE_OFF                        00003FFF
_PWRTE_ON                         00003FF7
_RC_OSC                           00003FFF
_WDTE_OFF                         00003FFB
_WDTE_ON                          00003FFF
_WDT_OFF                          00003FFB
_WDT_ON                           00003FFF
_WRT_ENABLE_OFF                   00003DFF
_WRT_ENABLE_ON                    00003FFF
_WRT_OFF                          00003DFF
_WRT_ON                           00003FFF
_XT_OSC                           00003FFD
__16F87                           00000001


MEMORY USAGE MAP ('X' = Used,  '-' = Unused)

0000 : XXXXXXXXXXXXXXXX XXXXXXXXXXXXXXXX XXXXXXXXXXXXXXXX XXXXXXXXXXXXXXXX
0040 : XXXXXXXXXXXXXXXX XXXXXXXXXXXXXXXX X--------------- ----------------

All other memory blocks unused.

Program Memory Words Used:    97
Program Memory Words Free:  3999


Errors   :     0
Warnings :    89 reported,     0 suppressed
Messages :     4 reported,     0 suppressed

