MPLINK 4.49, Linker
Linker Map File - Created Fri Mar 15 02:30:48 2024

                                 Section Info
                  Section       Type    Address   Location Size(Bytes)
                ---------  ---------  ---------  ---------  ---------
                   .org_0       code   0x000000    program   0x000000
                   .org_1       code   0x000000    program   0x00007e



                              Program Memory Usage 
                               Start         End      
                           ---------   ---------      
                            0x000000    0x00003e      
            63 out of 4359 program addresses used, program memory utilization is 1%



                              Symbols - Sorted by Name
                     Name    Address   Location    Storage File                     
                ---------  ---------  ---------  --------- ---------                
                    CICLO   0x000017    program     static C:\Users\Lenovo\Desktop\PIC16F877-ASM-PRUEBAS\dos display para practicar.asm
                   DECRE1   0x000038    program     static C:\Users\Lenovo\Desktop\PIC16F877-ASM-PRUEBAS\dos display para practicar.asm
                   DECRE2   0x000036    program     static C:\Users\Lenovo\Desktop\PIC16F877-ASM-PRUEBAS\dos display para practicar.asm
                   DECRE3   0x000034    program     static C:\Users\Lenovo\Desktop\PIC16F877-ASM-PRUEBAS\dos display para practicar.asm
       REINICIAR_UNIDADES   0x00001d    program     static C:\Users\Lenovo\Desktop\PIC16F877-ASM-PRUEBAS\dos display para practicar.asm
                   SUBRUT   0x000032    program     static C:\Users\Lenovo\Desktop\PIC16F877-ASM-PRUEBAS\dos display para practicar.asm
                    TABLA   0x000026    program     static C:\Users\Lenovo\Desktop\PIC16F877-ASM-PRUEBAS\dos display para practicar.asm



                              Symbols - Sorted by Address
                     Name    Address   Location    Storage File                     
                ---------  ---------  ---------  --------- ---------                
                    CICLO   0x000017    program     static C:\Users\Lenovo\Desktop\PIC16F877-ASM-PRUEBAS\dos display para practicar.asm
       REINICIAR_UNIDADES   0x00001d    program     static C:\Users\Lenovo\Desktop\PIC16F877-ASM-PRUEBAS\dos display para practicar.asm
                    TABLA   0x000026    program     static C:\Users\Lenovo\Desktop\PIC16F877-ASM-PRUEBAS\dos display para practicar.asm
                   SUBRUT   0x000032    program     static C:\Users\Lenovo\Desktop\PIC16F877-ASM-PRUEBAS\dos display para practicar.asm
                   DECRE3   0x000034    program     static C:\Users\Lenovo\Desktop\PIC16F877-ASM-PRUEBAS\dos display para practicar.asm
                   DECRE2   0x000036    program     static C:\Users\Lenovo\Desktop\PIC16F877-ASM-PRUEBAS\dos display para practicar.asm
                   DECRE1   0x000038    program     static C:\Users\Lenovo\Desktop\PIC16F877-ASM-PRUEBAS\dos display para practicar.asm


