MPLINK 4.49, Linker
Linker Map File - Created Sat Mar 09 13:06:17 2024

                                 Section Info
                  Section       Type    Address   Location Size(Bytes)
                ---------  ---------  ---------  ---------  ---------
                   .org_0       code   0x000000    program   0x000000
                   .org_1       code   0x000000    program   0x000066



                              Program Memory Usage 
                               Start         End      
                           ---------   ---------      
                            0x000000    0x000032      
            51 out of 4359 program addresses used, program memory utilization is 1%



                              Symbols - Sorted by Name
                     Name    Address   Location    Storage File                     
                ---------  ---------  ---------  --------- ---------                
                  APAGADO   0x000016    program     static C:\Users\Lenovo\Desktop\ensamblador para practicar\dos display para practicar.asm
                   INICIO   0x00000d    program     static C:\Users\Lenovo\Desktop\ensamblador para practicar\dos display para practicar.asm
                    TABLA   0x00001d    program     static C:\Users\Lenovo\Desktop\ensamblador para practicar\dos display para practicar.asm
                TABLA_DOS   0x000029    program     static C:\Users\Lenovo\Desktop\ensamblador para practicar\dos display para practicar.asm



                              Symbols - Sorted by Address
                     Name    Address   Location    Storage File                     
                ---------  ---------  ---------  --------- ---------                
                   INICIO   0x00000d    program     static C:\Users\Lenovo\Desktop\ensamblador para practicar\dos display para practicar.asm
                  APAGADO   0x000016    program     static C:\Users\Lenovo\Desktop\ensamblador para practicar\dos display para practicar.asm
                    TABLA   0x00001d    program     static C:\Users\Lenovo\Desktop\ensamblador para practicar\dos display para practicar.asm
                TABLA_DOS   0x000029    program     static C:\Users\Lenovo\Desktop\ensamblador para practicar\dos display para practicar.asm


