MPLINK 4.49, Linker
Linker Map File - Created Fri Mar 15 03:53:16 2024

                                 Section Info
                  Section       Type    Address   Location Size(Bytes)
                ---------  ---------  ---------  ---------  ---------
                   .org_0       code   0x000000    program   0x000000
                   .org_1       code   0x000000    program   0x0000c2



                              Program Memory Usage 
                               Start         End      
                           ---------   ---------      
                            0x000000    0x000060      
            97 out of 4359 program addresses used, program memory utilization is 2%



                              Symbols - Sorted by Name
                     Name    Address   Location    Storage File                     
                ---------  ---------  ---------  --------- ---------                
           BLOQUECENTENAS   0x000029    program     static C:\Users\Lenovo\Desktop\PIC16F877-ASM-PRUEBAS\dos display para practicar.asm
                    CICLO   0x00001a    program     static C:\Users\Lenovo\Desktop\PIC16F877-ASM-PRUEBAS\dos display para practicar.asm
                   DECRE1   0x00005a    program     static C:\Users\Lenovo\Desktop\PIC16F877-ASM-PRUEBAS\dos display para practicar.asm
                   DECRE2   0x000058    program     static C:\Users\Lenovo\Desktop\PIC16F877-ASM-PRUEBAS\dos display para practicar.asm
                   DECRE3   0x000056    program     static C:\Users\Lenovo\Desktop\PIC16F877-ASM-PRUEBAS\dos display para practicar.asm
                   INICIO   0x00000f    program     static C:\Users\Lenovo\Desktop\PIC16F877-ASM-PRUEBAS\dos display para practicar.asm
       REINICIAR_UNIDADES   0x000020    program     static C:\Users\Lenovo\Desktop\PIC16F877-ASM-PRUEBAS\dos display para practicar.asm
                   SUBRUT   0x000054    program     static C:\Users\Lenovo\Desktop\PIC16F877-ASM-PRUEBAS\dos display para practicar.asm
                    TABLA   0x000034    program     static C:\Users\Lenovo\Desktop\PIC16F877-ASM-PRUEBAS\dos display para practicar.asm
           TABLA_CENTENAS   0x000048    program     static C:\Users\Lenovo\Desktop\PIC16F877-ASM-PRUEBAS\dos display para practicar.asm
            TABLA_DECENAS   0x000040    program     static C:\Users\Lenovo\Desktop\PIC16F877-ASM-PRUEBAS\dos display para practicar.asm



                              Symbols - Sorted by Address
                     Name    Address   Location    Storage File                     
                ---------  ---------  ---------  --------- ---------                
                   INICIO   0x00000f    program     static C:\Users\Lenovo\Desktop\PIC16F877-ASM-PRUEBAS\dos display para practicar.asm
                    CICLO   0x00001a    program     static C:\Users\Lenovo\Desktop\PIC16F877-ASM-PRUEBAS\dos display para practicar.asm
       REINICIAR_UNIDADES   0x000020    program     static C:\Users\Lenovo\Desktop\PIC16F877-ASM-PRUEBAS\dos display para practicar.asm
           BLOQUECENTENAS   0x000029    program     static C:\Users\Lenovo\Desktop\PIC16F877-ASM-PRUEBAS\dos display para practicar.asm
                    TABLA   0x000034    program     static C:\Users\Lenovo\Desktop\PIC16F877-ASM-PRUEBAS\dos display para practicar.asm
            TABLA_DECENAS   0x000040    program     static C:\Users\Lenovo\Desktop\PIC16F877-ASM-PRUEBAS\dos display para practicar.asm
           TABLA_CENTENAS   0x000048    program     static C:\Users\Lenovo\Desktop\PIC16F877-ASM-PRUEBAS\dos display para practicar.asm
                   SUBRUT   0x000054    program     static C:\Users\Lenovo\Desktop\PIC16F877-ASM-PRUEBAS\dos display para practicar.asm
                   DECRE3   0x000056    program     static C:\Users\Lenovo\Desktop\PIC16F877-ASM-PRUEBAS\dos display para practicar.asm
                   DECRE2   0x000058    program     static C:\Users\Lenovo\Desktop\PIC16F877-ASM-PRUEBAS\dos display para practicar.asm
                   DECRE1   0x00005a    program     static C:\Users\Lenovo\Desktop\PIC16F877-ASM-PRUEBAS\dos display para practicar.asm


