MPLINK 4.49, Linker
Linker Map File - Created Sat Mar 09 15:26:14 2024

                                 Section Info
                  Section       Type    Address   Location Size(Bytes)
                ---------  ---------  ---------  ---------  ---------
                   .org_0       code   0x000000    program   0x000000
                   .org_1       code   0x000000    program   0x000076



                              Program Memory Usage 
                               Start         End      
                           ---------   ---------      
                            0x000000    0x00003a      
            59 out of 4359 program addresses used, program memory utilization is 1%



                              Symbols - Sorted by Name
                     Name    Address   Location    Storage File                     
                ---------  ---------  ---------  --------- ---------                
       REINICIAR_UNIDADES   0x00001b    program     static C:\Users\Lenovo\Desktop\PIC16F877-ASM-PRUEBAS\dos display para practicar.asm
            TABLA_DECENAS   0x000030    program     static C:\Users\Lenovo\Desktop\PIC16F877-ASM-PRUEBAS\dos display para practicar.asm
           TABLA_UNIDADES   0x000024    program     static C:\Users\Lenovo\Desktop\PIC16F877-ASM-PRUEBAS\dos display para practicar.asm
           UNIDADES_CICLO   0x000012    program     static C:\Users\Lenovo\Desktop\PIC16F877-ASM-PRUEBAS\dos display para practicar.asm



                              Symbols - Sorted by Address
                     Name    Address   Location    Storage File                     
                ---------  ---------  ---------  --------- ---------                
           UNIDADES_CICLO   0x000012    program     static C:\Users\Lenovo\Desktop\PIC16F877-ASM-PRUEBAS\dos display para practicar.asm
       REINICIAR_UNIDADES   0x00001b    program     static C:\Users\Lenovo\Desktop\PIC16F877-ASM-PRUEBAS\dos display para practicar.asm
           TABLA_UNIDADES   0x000024    program     static C:\Users\Lenovo\Desktop\PIC16F877-ASM-PRUEBAS\dos display para practicar.asm
            TABLA_DECENAS   0x000030    program     static C:\Users\Lenovo\Desktop\PIC16F877-ASM-PRUEBAS\dos display para practicar.asm


